// Jest Snapshot v1, https://goo.gl/fbAQLP

exports[`Dropdown Should render correctly and matches snapshot 1`] = `ReactWrapper {}`;

exports[`Dropdown Should render the customOption correctly 1`] = `ReactWrapper {}`;

exports[`Dropdown Should show the empty state when "options" are empty 1`] = `ReactWrapper {}`;

exports[`Dropdown Should show the error message when "error" prop is passed 1`] = `ReactWrapper {}`;

exports[`Dropdown Should show the loader when "loadingOptions" prop is passed 1`] = `ReactWrapper {}`;

exports[`Dropdown Should toggle showing the options when clicked 1`] = `ReactWrapper {}`;
