// Jest Snapshot v1, https://goo.gl/fbAQLP

exports[`Card Should render correctly 1`] = `
<div
  className="details-card border-radius-8 margin-bottom-15 card-custom-class"
>
  <div
    className="details-card__header padding-v-12 padding-h-25 sidebar-bg d-flex align-items-center justify-content-between"
  >
    <h3
      className="details-card__header-text font-size-16 margin-0 wt-500 text-ellipsis"
    >
      Card Header
      <span
        className="details-card__sub-header margin-left-5"
      >
        Card sub header
      </span>
    </h3>
    <div>
      <button
        className="details-card__action-btn padding-0 margin-right-15"
        onClick={[MockFunction]}
      >
        <i
          className="fa fa-edit"
        />
      </button>
      <button
        className="details-card__action-btn padding-0"
        onClick={[MockFunction]}
      >
        <i
          className="fa fa-delete"
        />
      </button>
    </div>
  </div>
  <div
    className="card-body padding-v-5"
  >
    <div
      className="card-body__section margin-v-12 margin-h-25"
      key="Section Heading"
    >
      <h3
        className="card-body__section-heading wt-600 font-size-14 margin-bottom-5 text-ellipsis"
      >
        Section Heading
      </h3>
      <ul
        className="card-body__list padding-0 margin-bottom-10"
      >
        <li
          className="body-item"
          key="Label 1"
        >
          <p
            className="body-item__text font-size-14 text-ellipsis"
          >
            <span
              className="body-item__icon margin-right-10"
            >
              <i
                className="fa fa-edit"
              />
            </span>
            <span>
              Label 1
            </span>
          </p>
        </li>
        <li
          className="body-item"
          key="Label 2"
        >
          <p
            className="body-item__text font-size-14 text-ellipsis"
          >
            <span
              className="body-item__icon margin-right-10"
            >
              <i
                className="fa fa-link"
              />
            </span>
            <span>
              Label 2
            </span>
          </p>
        </li>
      </ul>
    </div>
  </div>
</div>
`;
