// Jest Snapshot v1, https://goo.gl/fbAQLP

exports[`Modal Footer Should render correctly 1`] = `
<ModalFooter
  cancelDisabled={false}
  className="modal-footer-class"
  confirmBtnClassName="confirm-btn-class"
  confirmDisabled={false}
  onConfirm={[MockFunction]}
  onHide={[MockFunction]}
>
  <ModalFooter
    className="modal__footer d-flex flex-row-reverse align-items-center modal-footer-class padding-h-12 padding-v-15"
  >
    <div
      className="modal__footer d-flex flex-row-reverse align-items-center modal-footer-class padding-h-12 padding-v-15 modal-footer"
    >
      <button
        className="btn modal__confirm-btn margin-left-10 confirm-btn-class plugin-btn"
        disabled={false}
        onClick={[MockFunction]}
      >
        Confirm
      </button>
      <button
        className="btn btn-link modal__cancel-btn margin-0 padding-0 plugin-btn"
        disabled={false}
        onClick={[MockFunction]}
      >
        Cancel
      </button>
    </div>
  </ModalFooter>
</ModalFooter>
`;
