// Jest Snapshot v1, https://goo.gl/fbAQLP

exports[`EmptyState Should render correctly 1`] = `
<div
  className="empty-state text-center d-flex align-items-center justify-content-center empty-state-class"
>
  <div
    className="d-flex flex-column align-items-center"
  >
    <div
      className="empty-state__icon margin-bottom-25 d-flex justify-content-center align-items-center"
    >
      <i
        className="fa fa-link"
      />
    </div>
    <p
      className="empty-state__title wt-500 font-size-20"
    >
      Empty state title
    </p>
    <p
      className="empty-state__subtitle margin-top-15"
    >
      Empty state subtitle
    </p>
    <button
      className="empty-state__btn btn btn-primary margin-top-25"
      onClick={[MockFunction]}
    >
      Button Text
    </button>
    <a
      className="empty-state__btn btn btn-primary margin-top-25"
      download={true}
      href="button link"
      rel="noreferrer"
      target="_blank"
    >
      Button Text
    </a>
  </div>
</div>
`;
