// Jest Snapshot v1, https://goo.gl/fbAQLP

exports[`ConfirmationDialog Should render correctly 1`] = `
<CustomModal
  className="delete-confirmation-dialog confirmation-dialog-class"
  onHide={[MockFunction]}
  show={true}
>
  <ModalHeader
    onHide={[MockFunction]}
    showCloseIconInHeader={true}
    title="Dialog Title"
  />
  <ModalLoader
    loading={true}
  />
  <ForwardRef
    confirmationMsg="Dialog Message"
    error="Dialog error"
    loading={true}
    onConfirm={[MockFunction]}
    onHide={[MockFunction]}
  />
</CustomModal>
`;
